﻿[dotenv@17.2.3] injecting env (2) from .env -- tip: ΓÜÖ∩╕Å  write to custom object with { processEnv: myObject }
--- STARTING CUSTOMER FLOW INTEGRATION TEST ---
Step 1: DB Connected
Step 2: Found Provider: Seed Annapurna Mess (6980400f22517d5f585a5ddf)
Step 3: Registering Test User: test_cust_1770180119646@example.com
Registration status: 404
Registration Raw Response: <!DOCTYPE html>
<html lang="en">
<head>
<meta charset="utf-8">
<title>Error</title>
</head>
<body>
<pre>Cannot POST /api/auth/register-customer</pre>
</body>
</html>

Registration failed (maybe exists), trying login...
Login failed status: 400
node : Auth Error: Error: Login 
failed: {"message":"Invalid 
credentials"}
At line:1 char:1
+ node test_flow.js > 
test_output.txt 2>&1
+ ~~~~~~~~~~~~~~~~~~~~~~~~~~~~~~~~~~
~~~~~~
    + CategoryInfo          : NotSp 
   ecified: (Auth Error: Err...d c  
  redentials"}:String) [], Remote   
 Exception
    + FullyQualifiedErrorId : Nativ 
   eCommandError
 
    at runTest (C:\Users\admin\OneDr
ive\Documents\GitHub\Smart-Tiffin-Sy
stem\backend\test_flow.js:66:19)
    at 
process.processTicksAndRejections (n
ode:internal/process/task_queues:103
:5)
Assertion failed: !(handle->flags & 
UV_HANDLE_CLOSING), file 
src\win\async.c, line 76
